
> next_app@0.1.0 build
> next build

Ôû▓ Next.js 16.1.6 (Turbopack)
- Environments: .env.local

  Creating an optimized production build ...
node.exe : 
En C:\Users\MSI\AppData
\Roaming\npm\npm.ps1: 
24 Carácter: 5
+     & "node$exe"  "$b
asedir/node_modules/npm
/bin/npm-cli.js" $args
+     ~~~~~~~~~~~~~~~~~
~~~~~~~~~~~~~~~~~~~~~~~
~~~~~~~~~~~~~~~~~~~~~~
    + CategoryInfo     
         : NotSpecifi  
  ed: (:String) [],    
 RemoteException
    + FullyQualifiedEr 
   rorId : NativeComm  
  andError
 
> Build error occurred
Error: Turbopack build 
failed with 2 errors:
./src/app/escuela/grupo
s/page.tsx:10:1
Module not found: 
Can't resolve '../../..
/components/escuela/gru
pos/Addgrupomodal'
[0m [90m  8 |[39m 
[36mimport[39m [33mR
eact[39m[33m,[39m { 
useState[33m,[39m 
useEffect[33m,[39m 
useCallback } 
[36mfrom[39m [32m're
act'[39m[33m;[39m
 [90m  9 |[39m 
[36mimport[39m { 
[33mGrupoCard[39m } 
[36mfrom[39m [32m'..
/../../components/escue
la/grupos/GrupoCard'[3
9m[33m;[39m
[31m[1m>[22m[39m[9
0m 10 |[39m 
[36mimport[39m { [33
mAddGrupoModal[39m } 
[36mfrom[39m [32m'..
/../../components/escue
la/grupos/Addgrupomodal
'[39m[33m;[39m
 [90m    |[39m [31m
[1m^[22m[39m[31m[1m
^[22m[39m[31m[1m^[
22m[39m[31m[1m^[22m
[39m[31m[1m^[22m[3
9m[31m[1m^[22m[39m
[31m[1m^[22m[39m[31
m[1m^[22m[39m[31m[
1m^[22m[39m[31m[1m^
[22m[39m[31m[1m^[2
2m[39m[31m[1m^[22m
[39m[31m[1m^[22m[39
m[31m[1m^[22m[39m[
31m[1m^[22m[39m[31m
[1m^[22m[39m[31m[1
m^[22m[39m[31m[1m^
[22m[39m[31m[1m^[22
m[39m[31m[1m^[22m[
39m[31m[1m^[22m[39m
[31m[1m^[22m[39m[3
1m[1m^[22m[39m[31m
[1m^[22m[39m[31m[1m
^[22m[39m[31m[1m^[
22m[39m[31m[1m^[22m
[39m[31m[1m^[22m[3
9m[31m[1m^[22m[39m
[31m[1m^[22m[39m[31
m[1m^[22m[39m[31m[
1m^[22m[39m[31m[1m^
[22m[39m[31m[1m^[2
2m[39m[31m[1m^[22m
[39m[31m[1m^[22m[39
m[31m[1m^[22m[39m[
31m[1m^[22m[39m[31m
[1m^[22m[39m[31m[1
m^[22m[39m[31m[1m^
[22m[39m[31m[1m^[22
m[39m[31m[1m^[22m[
39m[31m[1m^[22m[39m
[31m[1m^[22m[39m[3
1m[1m^[22m[39m[31m
[1m^[22m[39m[31m[1m
^[22m[39m[31m[1m^[
22m[39m[31m[1m^[22m
[39m[31m[1m^[22m[3
9m[31m[1m^[22m[39m
[31m[1m^[22m[39m[31
m[1m^[22m[39m[31m[
1m^[22m[39m[31m[1m^
[22m[39m[31m[1m^[2
2m[39m[31m[1m^[22m
[39m[31m[1m^[22m[39
m[31m[1m^[22m[39m[
31m[1m^[22m[39m[31m
[1m^[22m[39m[31m[1
m^[22m[39m[31m[1m^
[22m[39m[31m[1m^[22
m[39m[31m[1m^[22m[
39m[31m[1m^[22m[39m
[31m[1m^[22m[39m[3
1m[1m^[22m[39m[31m
[1m^[22m[39m[31m[1m
^[22m[39m[31m[1m^[
22m[39m[31m[1m^[22m
[39m[31m[1m^[22m[3
9m[31m[1m^[22m[39m
[31m[1m^[22m[39m[31
m[1m^[22m[39m[31m[
1m^[22m[39m[31m[1m^
[22m[39m[31m[1m^[2
2m[39m[31m[1m^[22m
[39m
 [90m 11 |[39m 
[36mimport[39m { [33
mEditGrupoModal[39m } 
[36mfrom[39m [32m'..
/../../components/escue
la/grupos/Editgrupomoda
l'[39m[33m;[39m
 [90m 12 |[39m 
[36mimport[39m { 
[33mGrupoService[39m 
} [36mfrom[39m [32m'
../../../service/escuel
a/grupos/grupo.service'
[39m[33m;[39m
 [90m 13 |[39m 
[36mimport[39m type 
{ [33mGrupoListItem[3
9m } [36mfrom[39m [3
2m'../../../types/escue
la/grupos/grupo'[39m[
33m;[39m[0m



Import traces:
  Client Component 
Browser:
    ./src/app/escuela/g
rupos/page.tsx [Client 
Component Browser]
    ./src/app/escuela/g
rupos/page.tsx [Server 
Component]

  Client Component SSR:
    ./src/app/escuela/g
rupos/page.tsx [Client 
Component SSR]
    ./src/app/escuela/g
rupos/page.tsx [Server 
Component]

https://nextjs.org/docs
/messages/module-not-fo
und


./src/app/escuela/grupo
s/page.tsx:11:1
Module not found: 
Can't resolve '../../..
/components/escuela/gru
pos/Editgrupomodal'
[0m [90m  9 |[39m 
[36mimport[39m { 
[33mGrupoCard[39m } 
[36mfrom[39m [32m'..
/../../components/escue
la/grupos/GrupoCard'[3
9m[33m;[39m
 [90m 10 |[39m 
[36mimport[39m { [33
mAddGrupoModal[39m } 
[36mfrom[39m [32m'..
/../../components/escue
la/grupos/Addgrupomodal
'[39m[33m;[39m
[31m[1m>[22m[39m[9
0m 11 |[39m 
[36mimport[39m { [33
mEditGrupoModal[39m } 
[36mfrom[39m [32m'..
/../../components/escue
la/grupos/Editgrupomoda
l'[39m[33m;[39m
 [90m    |[39m [31m
[1m^[22m[39m[31m[1m
^[22m[39m[31m[1m^[
22m[39m[31m[1m^[22m
[39m[31m[1m^[22m[3
9m[31m[1m^[22m[39m
[31m[1m^[22m[39m[31
m[1m^[22m[39m[31m[
1m^[22m[39m[31m[1m^
[22m[39m[31m[1m^[2
2m[39m[31m[1m^[22m
[39m[31m[1m^[22m[39
m[31m[1m^[22m[39m[
31m[1m^[22m[39m[31m
[1m^[22m[39m[31m[1
m^[22m[39m[31m[1m^
[22m[39m[31m[1m^[22
m[39m[31m[1m^[22m[
39m[31m[1m^[22m[39m
[31m[1m^[22m[39m[3
1m[1m^[22m[39m[31m
[1m^[22m[39m[31m[1m
^[22m[39m[31m[1m^[
22m[39m[31m[1m^[22m
[39m[31m[1m^[22m[3
9m[31m[1m^[22m[39m
[31m[1m^[22m[39m[31
m[1m^[22m[39m[31m[
1m^[22m[39m[31m[1m^
[22m[39m[31m[1m^[2
2m[39m[31m[1m^[22m
[39m[31m[1m^[22m[39
m[31m[1m^[22m[39m[
31m[1m^[22m[39m[31m
[1m^[22m[39m[31m[1
m^[22m[39m[31m[1m^
[22m[39m[31m[1m^[22
m[39m[31m[1m^[22m[
39m[31m[1m^[22m[39m
[31m[1m^[22m[39m[3
1m[1m^[22m[39m[31m
[1m^[22m[39m[31m[1m
^[22m[39m[31m[1m^[
22m[39m[31m[1m^[22m
[39m[31m[1m^[22m[3
9m[31m[1m^[22m[39m
[31m[1m^[22m[39m[31
m[1m^[22m[39m[31m[
1m^[22m[39m[31m[1m^
[22m[39m[31m[1m^[2
2m[39m[31m[1m^[22m
[39m[31m[1m^[22m[39
m[31m[1m^[22m[39m[
31m[1m^[22m[39m[31m
[1m^[22m[39m[31m[1
m^[22m[39m[31m[1m^
[22m[39m[31m[1m^[22
m[39m[31m[1m^[22m[
39m[31m[1m^[22m[39m
[31m[1m^[22m[39m[3
1m[1m^[22m[39m[31m
[1m^[22m[39m[31m[1m
^[22m[39m[31m[1m^[
22m[39m[31m[1m^[22m
[39m[31m[1m^[22m[3
9m[31m[1m^[22m[39m
[31m[1m^[22m[39m[31
m[1m^[22m[39m[31m[
1m^[22m[39m[31m[1m^
[22m[39m[31m[1m^[2
2m[39m[31m[1m^[22m
[39m[31m[1m^[22m[39
m[31m[1m^[22m[39m
 [90m 12 |[39m 
[36mimport[39m { 
[33mGrupoService[39m 
} [36mfrom[39m [32m'
../../../service/escuel
a/grupos/grupo.service'
[39m[33m;[39m
 [90m 13 |[39m 
[36mimport[39m type 
{ [33mGrupoListItem[3
9m } [36mfrom[39m [3
2m'../../../types/escue
la/grupos/grupo'[39m[
33m;[39m
 [90m 14 |[39m[0m



Import traces:
  Client Component 
Browser:
    ./src/app/escuela/g
rupos/page.tsx [Client 
Component Browser]
    ./src/app/escuela/g
rupos/page.tsx [Server 
Component]

  Client Component SSR:
    ./src/app/escuela/g
rupos/page.tsx [Client 
Component SSR]
    ./src/app/escuela/g
rupos/page.tsx [Server 
Component]

https://nextjs.org/docs
/messages/module-not-fo
und


    at <unknown> (./src
/app/escuela/grupos/pag
e.tsx:10:1)
    at <unknown> (https
://nextjs.org/docs/mess
ages/module-not-found)
    at <unknown> (./src
/app/escuela/grupos/pag
e.tsx:11:1)
    at <unknown> (https
://nextjs.org/docs/mess
ages/module-not-found)
